I'm sorry, but errors were detected in your script. Please correct the
errors listed below, and try again.


File "game/script.rpy", line 576: expected 'image_name_component' not found.
    scene scene bg lantai3
          ^

Ren'Py Version: Ren'Py 8.0.3.22090809
Wed Apr  5 05:44:56 2023
